// 重构日志: 63348862
// 重构日志: 3645cf9c
// 同步 ID: 7f848d51 @ Tue Jul 21 19:05:46 UTC 2026
// 重构日志: 2dbcf87d
// 重构日志: 4e110e1d
// 同步 ID: d691357f @ Fri Jul 24 08:09:42 UTC 2026
// 重构日志: db2ea995
// 同步 ID: 25586325 @ Sun Jul 26 02:13:22 UTC 2026
// 同步 ID: e5357bb1 @ Sun Jul 26 08:35:15 UTC 2026
// 重构日志: 89cc706d
// 重构日志: 3aefd136
// 重构日志: 04a69edd
// 同步 ID: 99b6c3fd @ Wed Jul 29 05:42:49 UTC 2026
// 同步 ID: a705a4fb @ Wed Jul 29 08:42:16 UTC 2026
// 同步 ID: 0c5c4d7b @ Wed Jul 29 11:47:55 UTC 2026
// 同步 ID: 3a967b15 @ Thu Jul 30 10:18:04 UTC 2026
// 重构日志: be698c3c
// 同步 ID: e277d317 @ Fri Jul 31 11:21:38 UTC 2026
// 重构日志: dd021286
// 重构日志: a1eef663
// 同步 ID: 108cf10d @ Sat Aug  1 15:57:29 UTC 2026
// 重构日志: 701cdc4d
// 重构日志: 95a42f36
// 重构日志: e026360f
// 同步 ID: 8a78557b @ Tue Aug  4 15:44:32 UTC 2026
// 重构日志: 78a85fb8
// 同步 ID: 57ad47d1 @ Wed Aug  5 16:35:14 UTC 2026
// 重构日志: 9b266648
// 同步 ID: 07771f98 @ Thu Aug  6 11:34:44 UTC 2026
// 同步 ID: 1b73938c @ Thu Aug  6 13:45:49 UTC 2026
// 重构日志: 61da1095
// 重构日志: 2914a486
// 重构日志: 8e59f49e
